2026-03-17 10:52:28,071 INFO [ASAASE_API] MODE CHANGE for GROUND_01 -> SEMI_AUTO
2026-03-17 10:52:28,087 INFO [ASAASE_API] MODE CHANGE for GROUND_01 -> MANUAL
2026-03-17 12:13:11,496 INFO [ASAASE_API] MODE CHANGE for GROUND_01 -> SEMI_AUTO
2026-03-17 12:13:11,617 INFO [ASAASE_API] MODE CHANGE for GROUND_01 -> SEMI_AUTO
2026-03-17 12:13:11,736 INFO [ASAASE_API] MODE CHANGE for GROUND_01 -> SEMI_AUTO
2026-03-17 12:13:13,639 INFO [ASAASE_API] MODE CHANGE for GROUND_01 -> SEMI_AUTO
2026-03-17 12:13:13,642 INFO [ASAASE_API] MODE CHANGE for GROUND_01 -> SEMI_AUTO
2026-03-17 12:13:13,644 INFO [ASAASE_API] MODE CHANGE for GROUND_01 -> SEMI_AUTO
2026-03-17 12:13:13,955 INFO [ASAASE_API] MODE CHANGE for GROUND_01 -> SEMI_AUTO
2026-03-17 12:13:13,972 INFO [ASAASE_API] MODE CHANGE for GROUND_01 -> SEMI_AUTO
2026-03-17 12:13:13,974 INFO [ASAASE_API] MODE CHANGE for GROUND_01 -> MANUAL
2026-03-17 12:13:14,001 INFO [ASAASE_API] MODE CHANGE for GROUND_01 -> SEMI_AUTO
2026-03-17 12:13:14,071 INFO [ASAASE_API] MODE CHANGE for GROUND_01 -> MANUAL
2026-03-17 12:13:14,274 INFO [ASAASE_API] MODE CHANGE for GROUND_01 -> SEMI_AUTO
2026-03-17 12:13:14,313 INFO [ASAASE_API] MODE CHANGE for GROUND_01 -> MANUAL
2026-03-17 12:18:49,243 INFO [ASAASE_API] SET WAYPOINTS for GROUND_01: 1 points
2026-03-17 12:19:25,300 INFO [ASAASE_API] MODE CHANGE for AQUA_01 -> SEMI_AUTO
2026-03-17 12:19:26,582 INFO [ASAASE_API] MODE CHANGE for AQUA_01 -> MANUAL
2026-03-17 12:19:27,558 INFO [ASAASE_API] MODE CHANGE for AQUA_01 -> FULLY_AUTO
2026-03-17 12:19:32,183 INFO [ASAASE_API] BASE MODE CHANGE -> MANUAL
